../Core/Src/main.c:118:5:main	8	static
../Core/Src/main.c:170:6:SystemClock_Config	88	static
../Core/Src/main.c:212:13:MX_CRC_Init	8	static
../Core/Src/main.c:238:13:MX_USART1_UART_Init	8	static
../Core/Src/main.c:271:13:MX_USART2_UART_Init	8	static
../Core/Src/main.c:304:13:MX_GPIO_Init	40	static
../Core/Src/main.c:338:6:printmsg	96	static
../Core/Src/main.c:352:16:update_button_active	8	static
../Core/Src/main.c:357:16:user_requested_update	16	static
../Core/Src/main.c:372:13:launch_application	8	static
../Core/Src/main.c:380:13:start_update_flow	8	static
../Core/Src/main.c:396:13:boot_manager	8	static
../Core/Src/main.c:423:6:bootloader_jump_to_active_bank	32	static,ignoring_inline_asm
../Core/Src/main.c:498:6:bootloader_command_handler	16	static
../Core/Src/main.c:553:6:bootloader_handle_getver_cmd	32	static
../Core/Src/main.c:582:6:bootloader_handle_gethelp_cmd	24	static
../Core/Src/main.c:603:6:bootloader_handle_getcid_cmd	32	static
../Core/Src/main.c:627:6:bootloader_handle_getrdp_cmd	32	static
../Core/Src/main.c:654:6:bootloader_handle_flash_erase_cmd	40	static
../Core/Src/main.c:704:6:bootloader_handle_mem_write_cmd	40	static
../Core/Src/main.c:755:6:bootloader_handle_en_rw_protect	16	static
../Core/Src/main.c:760:6:bootloader_handle_dis_rw_protect	16	static
../Core/Src/main.c:765:6:bootloader_send_nack	16	static
../Core/Src/main.c:771:6:bootloader_send_ack	24	static
../Core/Src/main.c:781:9:bootloader_verify_crc	40	static
../Core/Src/main.c:800:6:bootloader_uart_write_data	16	static
../Core/Src/main.c:805:9:get_bootloader_version	4	static
../Core/Src/main.c:810:10:get_mcu_chip_id	16	static
../Core/Src/main.c:825:9:get_flash_rdp_level	40	static
../Core/Src/main.c:844:9:verify_address	16	static
../Core/Src/main.c:862:9:execute_flash_erase	48	static
../Core/Src/main.c:907:9:execute_mem_write	56	static
../Core/Src/main.c:946:9:fetch_available_firmware_version	16	static
../Core/Src/main.c:958:9:handle_firmware_update	32	static
../Core/Src/main.c:1022:6:bootloader_show_active_bank	32	static
../Core/Src/main.c:1053:9:update_active_bank_number	64	static
../Core/Src/main.c:1112:9:fetch_active_bank_number	16	static
../Core/Src/main.c:1127:6:Error_Handler	4	static,ignoring_inline_asm
